
Efinity Interface Designer Report
Version: 2023.2.307
Date: 2024-06-11 09:59

Copyright (C) 2013 - 2023 Efinix Inc. All rights reserved.

Device: T120F324
Project: UART

Package: 324-ball FBGA (final)
Timing Model: C4 (final)
Configuration Mode: active (x1)

---------- Table of Contents (begin) ----------
   1. Periphery Usage Summary
   2. Generated Output Files
   3. I/O Banks Summary
   4. Global Connection Summary
   5. Clock Region Usage Summary
   6. Dual-Function Configuration Pin Usage
   7. GPIO Usage Summary
   8. PLL Usage Summary
   9. LVDS Rx Usage Summary
   10. LVDS Tx Usage Summary
   11. MIPI Rx Usage Summary
   12. MIPI Tx Usage Summary
   13. Clock Mux Usage Summary
   14. Configuration Control Usage Summary
   15. JTAG Usage Summary
   16. DDR Usage Summary
---------- Table of Contents (end) ------------

---------- 1. Periphery Usage Summary (begin) ----------
clkmux: 2 / 2 (100.0%)
control: 0 / 1 (0.0%)
ddr: 0 / 1 (0.0%)
gpio: 4 / 38 (10.53%)
jtag: 1 / 4 (25.0%)
lvds_bg: 0 / 2 (0.0%)
lvds_rx: 0.5 / 26 (1.92%)
	gpio: 1
lvds_tx: 0 / 20 (0.0%)
mipi_rx: 0 / 2 (0.0%)
mipi_tx: 0 / 2 (0.0%)
pll: 0 / 7 (0.0%)
---------- Periphery Usage Summary (end) ----------

---------- 2. Generated Output Files (begin) ----------
Interface Configuration: UART.interface.csv
Peripheral Block Configuration: UART.lpf
Pinout Report: UART.pinout.rpt
Pinout CSV: UART.pinout.csv
Timing Report: UART.pt_timing.rpt
Timing SDC Template: UART.pt.sdc
Verilog Template: UART_template.v
Option Register File: UART_or.ini
---------- Generated Output Files (end) ----------

---------- 3. I/O Banks Summary (begin) ----------

+-------------+-------------+
|   I/O Bank  | I/O Voltage |
+-------------+-------------+
|      1A     |    3.3 V    |
|    1B_1C    |    3.3 V    |
| 1D_1E_1F_1G |    3.3 V    |
|      2D     |    3.3 V    |
|      2E     |    3.3 V    |
|      2F     |    3.3 V    |
|      3A     |    1.2 V    |
|      3B     |    1.2 V    |
|   3D_TR_BR  |    3.3 V    |
|      4E     |    3.3 V    |
|      4F     |    3.3 V    |
|      BL     |    1.2 V    |
|      TL     |    1.2 V    |
+-------------+-------------+

---------- I/O Banks Summary (end) ----------

---------- 4. Global Connection Summary (begin) ----------

+----------+----------+------+
| Pin Name | Resource | Type |
+----------+----------+------+
+----------+----------+------+

---------- Global Connection Summary (end) ----------

---------- 5. Clock Region Usage Summary (begin) ----------

+--------------+----------------+
| Clock Region | Used/Available |
+--------------+----------------+
|      B       |      0/16      |
|      L0      |      0/4       |
|      L1      |      0/4       |
|      L3      |      0/4       |
|      L7      |      0/4       |
|      R0      |      0/4       |
|      R2      |      0/4       |
|      R3      |      0/4       |
|      R4      |      0/4       |
|      R6      |      0/4       |
|      R7      |      0/4       |
|      T       |      0/16      |
+--------------+----------------+

---------- Clock Region Usage Summary (end) ----------

---------- 6. Dual-Function Configuration Pin Usage (begin) ----------

No instance using dual-function configuration pin.

---------- Dual-Function Configuration Pin Usage (end) ----------

---------- 7. GPIO Usage Summary (begin) ----------

Global Unused Setting: input with weak pullup

+---------------+-------------+--------+----------+--------------+----------+----------------------+------------------+-------------+
| Instance Name |   Resource  |  Mode  | Register | Clock Region | I/O Bank |     I/O Standard     |     Pad Name     | Package Pin |
+---------------+-------------+--------+----------+--------------+----------+----------------------+------------------+-------------+
|    i_Clock    |  GPIOR_188  | input  |          |              | 3D_TR_BR | 3.3 V LVTTL / LVCMOS | GPIOR_188_PLLIN2 |      R8     |
|  i_Rx_Serial  | GPIOT_RXN27 | input  |          |              |    2F    | 3.3 V LVTTL / LVCMOS |   GPIOT_RXN27    |     B11     |
|  o_Tx_Active  |  GPIOR_173  | output |          |              | 3D_TR_BR | 3.3 V LVTTL / LVCMOS | GPIOR_173_CTRL12 |      G5     |
|   o_Tx_Done   |  GPIOR_174  | output |          |              | 3D_TR_BR | 3.3 V LVTTL / LVCMOS | GPIOR_174_CLK15  |      G6     |
|  o_Tx_Serial  |   GPIOL_63  | output |          |              |  1B_1C   | 3.3 V LVTTL / LVCMOS |  GPIOL_63_CTRL1  |     K15     |
+---------------+-------------+--------+----------+--------------+----------+----------------------+------------------+-------------+


Input GPIO Configuration:
=========================

+---------------+-------------+---------------------+-----------------+--------------+-----------------+------+
| Instance Name |  Input Pin  | Alternate Input Pin | Input Clock Pin | Pull Up/Down | Schmitt Trigger | DDIO |
+---------------+-------------+---------------------+-----------------+--------------+-----------------+------+
|    i_Clock    |   i_Clock   |                     |                 |     none     |     Disable     | none |
|  i_Rx_Serial  | i_Rx_Serial |                     |                 | weak pullup  |     Disable     |      |
+---------------+-------------+---------------------+-----------------+--------------+-----------------+------+

Output GPIO Configuration:
==========================

+---------------+-------------+------------------+----------------+-----------+------+
| Instance Name |  Output Pin | Output Clock Pin | Drive Strength | Slew Rate | DDIO |
+---------------+-------------+------------------+----------------+-----------+------+
|  o_Tx_Active  | o_Tx_Active |                  |       1        |  Disable  | none |
|   o_Tx_Done   |  o_Tx_Done  |                  |       1        |  Disable  | none |
|  o_Tx_Serial  | o_Tx_Serial |                  |       1        |  Disable  | none |
+---------------+-------------+------------------+----------------+-----------+------+

---------- GPIO Usage Summary (end) ----------

---------- 8. PLL Usage Summary (begin) ----------

No PLL was configured

---------- PLL Usage Summary (end) ----------

---------- 9. LVDS Rx Usage Summary (begin) ----------

No LVDS Rx was configured

---------- LVDS Rx Usage Summary (end) ----------

---------- 10. LVDS Tx Usage Summary (begin) ----------

No LVDS Tx was configured

---------- LVDS Tx Usage Summary (end) ----------

---------- 11. MIPI Rx Usage Summary (begin) ----------

No MIPI Rx was configured

---------- MIPI Rx Usage Summary (end) ----------

---------- 12. MIPI Tx Usage Summary (begin) ----------

No MIPI Tx was configured

---------- MIPI Tx Usage Summary (end) ----------

---------- 13. Clock Mux Usage Summary (begin) ----------

No Clock Mux was configured

---------- Clock Mux Usage Summary (end) ----------

---------- 14. Configuration Control Usage Summary (begin) ----------

No Configuration Control was configured

---------- Configuration Control Usage Summary (end) ----------

---------- 15. JTAG Usage Summary (begin) ----------

Instance Name                                     : jtag_inst1

Resource                                          : JTAG_USER1

Capture Pin Name                                  : jtag_inst1_CAPTURE
Gated Test Clock Pin Name                         : jtag_inst1_DRCK
Reset Pin Name                                    : jtag_inst1_RESET
Run Test Pin Name                                 : jtag_inst1_RUNTEST
User Instruction Active Pin Name                  : jtag_inst1_SEL
Shift Pin Name                                    : jtag_inst1_SHIFT
Test Clock Pin Name                               : jtag_inst1_TCK
Test Data Pin Name                                : jtag_inst1_TDI
Test Data Pin Name                                : jtag_inst1_TDO
Test Mode Select Pin Name                         : jtag_inst1_TMS
Update Pin Name                                   : jtag_inst1_UPDATE

---------- JTAG Usage Summary (end) ----------

---------- 16. DDR Usage Summary (begin) ----------

No DDR was configured

---------- DDR Usage Summary (end) ----------
